 - When using the read function to get the part info, we get {0, 0x02, 0x01, 0x00, 0x01, 0xc9, 0xc3, 0x80, 0x00, 0x00}
 - CTS never happens during readBoot
